Rounds: 47 Power:  12
Hp:
[-4, -4, -4, -4, -4, -4, -4, -4, -4, -4, -4, -4, -4, -4, -4, 17, -4, -4, 119, -4, 11, -4, 14, 149, 161, -4, 80, 125, 146, 200]
################################
#########################...####
#########################....###
##################...........###
##################.##.......####
#################...#.........##
################..............##
######..########.......#.#....##
#####....######......E...##.####
#######.#####............E#.####
#####...................#.E.####
#####..................E.E....##
######........#####.....E....###
#######......#######....E.....##
######......#########........###
######......#########........###
#####.......#########........###
#####.......#########........###
######.##.#.#########......#####
#######....E.#######.......#####
#######.....E.#####........#####
##....#.##.E..........##.....###
#.....#........###..#.#.....####
#...............#####.#.#....###
######......#.....###...#.#..###
#####........##...###..####..###
####....#.##.....####..####...##
####.#########....###..####....#
###...#######.....###..####....#
####..#######.##.##########...##
####..######################.###
################################